Mesh: Cube
	Primitive 0:
		POSITION(0): [-0.278717, 0.836151, 0.836151]
		POSITION(1): [-0.224426, 0.673277, 0.224426]
		POSITION(2): [-0.805211, 0.805211, 0.268404]
		POSITION(3): [-1.000000, 1.000000, 1.000000]
		POSITION(4): [-0.796828, 0.265609, 0.796828]
		POSITION(5): [-0.222089, 0.222089, 0.666268]
		POSITION(6): [-0.278717, 0.836151, 0.836151]
		POSITION(7): [-1.000000, 1.000000, 1.000000]
		POSITION(8): [-0.796828, 0.265609, -0.796828]
		POSITION(9): [-0.641614, 0.213871, -0.213871]
		POSITION(10): [-0.805211, 0.805211, -0.268404]
		POSITION(11): [-1.000000, 1.000000, -1.000000]
		POSITION(12): [0.805211, -0.805211, 0.268404]
		POSITION(13): [1.000000, -1.000000, 1.000000]
		POSITION(14): [0.278717, -0.836151, 0.836151]
		POSITION(15): [0.224426, -0.673277, 0.224426]
		POSITION(16): [0.796828, 0.265609, 0.796828]
		POSITION(17): [0.641614, 0.213871, 0.213871]
		POSITION(18): [0.805211, 0.805211, 0.268404]
		POSITION(19): [1.000000, 1.000000, 1.000000]
		POSITION(20): [0.796828, 0.265609, -0.796828]
		POSITION(21): [0.222089, 0.222089, -0.666268]
		POSITION(22): [0.278717, 0.836151, -0.836151]
		POSITION(23): [1.000000, 1.000000, -1.000000]
		POSITION(24): [0.796828, -0.265609, -0.796828]
		POSITION(25): [1.000000, -1.000000, -1.000000]
		POSITION(26): [0.278717, -0.836151, -0.836151]
		POSITION(27): [0.222089, -0.222089, -0.666268]
		POSITION(28): [0.796828, 0.265609, -0.796828]
		POSITION(29): [0.796828, -0.265609, -0.796828]
		POSITION(30): [0.222089, -0.222089, -0.666268]
		POSITION(31): [0.222089, 0.222089, -0.666268]
		POSITION(32): [0.796828, -0.265609, 0.796828]
		POSITION(33): [1.000000, -1.000000, 1.000000]
		POSITION(34): [0.805211, -0.805211, 0.268404]
		POSITION(35): [0.641614, -0.213871, 0.213871]
		POSITION(36): [0.796828, 0.265609, 0.796828]
		POSITION(37): [0.796828, -0.265609, 0.796828]
		POSITION(38): [0.641614, -0.213871, 0.213871]
		POSITION(39): [0.641614, 0.213871, 0.213871]
		POSITION(40): [-0.796828, -0.265609, -0.796828]
		POSITION(41): [-1.000000, -1.000000, -1.000000]
		POSITION(42): [-0.805211, -0.805211, -0.268404]
		POSITION(43): [-0.641614, -0.213871, -0.213871]
		POSITION(44): [-0.796828, 0.265609, -0.796828]
		POSITION(45): [-0.796828, -0.265609, -0.796828]
		POSITION(46): [-0.641614, -0.213871, -0.213871]
		POSITION(47): [-0.641614, 0.213871, -0.213871]
		POSITION(48): [-0.796828, -0.265609, 0.796828]
		POSITION(49): [-1.000000, -1.000000, 1.000000]
		POSITION(50): [-0.278717, -0.836151, 0.836151]
		POSITION(51): [-0.222089, -0.222089, 0.666268]
		POSITION(52): [-0.796828, 0.265609, 0.796828]
		POSITION(53): [-0.796828, -0.265609, 0.796828]
		POSITION(54): [-0.222089, -0.222089, 0.666268]
		POSITION(55): [-0.222089, 0.222089, 0.666268]
		POSITION(56): [-0.641614, -0.213871, 0.213871]
		POSITION(57): [-0.796828, -0.265609, 0.796828]
		POSITION(58): [-0.796828, 0.265609, 0.796828]
		POSITION(59): [-0.641614, 0.213871, 0.213871]
		POSITION(60): [-0.641614, 0.213871, -0.213871]
		POSITION(61): [-0.641614, -0.213871, -0.213871]
		POSITION(62): [-0.641614, -0.213871, 0.213871]
		POSITION(63): [-0.641614, 0.213871, 0.213871]
		POSITION(64): [-0.805211, -0.805211, 0.268404]
		POSITION(65): [-1.000000, -1.000000, 1.000000]
		POSITION(66): [-0.796828, -0.265609, 0.796828]
		POSITION(67): [-0.641614, -0.213871, 0.213871]
		POSITION(68): [-0.641614, -0.213871, -0.213871]
		POSITION(69): [-0.805211, -0.805211, -0.268404]
		POSITION(70): [-0.805211, -0.805211, 0.268404]
		POSITION(71): [-0.641614, -0.213871, 0.213871]
		POSITION(72): [0.641614, -0.213871, -0.213871]
		POSITION(73): [0.796828, -0.265609, -0.796828]
		POSITION(74): [0.796828, 0.265609, -0.796828]
		POSITION(75): [0.641614, 0.213871, -0.213871]
		POSITION(76): [0.641614, 0.213871, 0.213871]
		POSITION(77): [0.641614, -0.213871, 0.213871]
		POSITION(78): [0.641614, -0.213871, -0.213871]
		POSITION(79): [0.641614, 0.213871, -0.213871]
		POSITION(80): [0.805211, -0.805211, -0.268404]
		POSITION(81): [1.000000, -1.000000, -1.000000]
		POSITION(82): [0.796828, -0.265609, -0.796828]
		POSITION(83): [0.641614, -0.213871, -0.213871]
		POSITION(84): [0.641614, -0.213871, 0.213871]
		POSITION(85): [0.805211, -0.805211, 0.268404]
		POSITION(86): [0.805211, -0.805211, -0.268404]
		POSITION(87): [0.641614, -0.213871, -0.213871]
		POSITION(88): [0.805211, 0.805211, -0.268404]
		POSITION(89): [0.641614, 0.213871, -0.213871]
		POSITION(90): [0.796828, 0.265609, -0.796828]
		POSITION(91): [1.000000, 1.000000, -1.000000]
		POSITION(92): [0.805211, 0.805211, 0.268404]
		POSITION(93): [0.641614, 0.213871, 0.213871]
		POSITION(94): [0.641614, 0.213871, -0.213871]
		POSITION(95): [0.805211, 0.805211, -0.268404]
		POSITION(96): [0.278717, -0.836151, -0.836151]
		POSITION(97): [1.000000, -1.000000, -1.000000]
		POSITION(98): [0.805211, -0.805211, -0.268404]
		POSITION(99): [0.224426, -0.673277, -0.224426]
		POSITION(100): [0.224426, -0.673277, -0.224426]
		POSITION(101): [0.805211, -0.805211, -0.268404]
		POSITION(102): [0.805211, -0.805211, 0.268404]
		POSITION(103): [0.224426, -0.673277, 0.224426]
		POSITION(104): [-0.805211, 0.805211, 0.268404]
		POSITION(105): [-0.641614, 0.213871, 0.213871]
		POSITION(106): [-0.796828, 0.265609, 0.796828]
		POSITION(107): [-1.000000, 1.000000, 1.000000]
		POSITION(108): [-0.805211, 0.805211, -0.268404]
		POSITION(109): [-0.641614, 0.213871, -0.213871]
		POSITION(110): [-0.641614, 0.213871, 0.213871]
		POSITION(111): [-0.805211, 0.805211, 0.268404]
		POSITION(112): [-0.805211, 0.805211, -0.268404]
		POSITION(113): [-0.224426, 0.673277, -0.224426]
		POSITION(114): [-0.278717, 0.836151, -0.836151]
		POSITION(115): [-1.000000, 1.000000, -1.000000]
		POSITION(116): [-0.805211, 0.805211, 0.268404]
		POSITION(117): [-0.224426, 0.673277, 0.224426]
		POSITION(118): [-0.224426, 0.673277, -0.224426]
		POSITION(119): [-0.805211, 0.805211, -0.268404]
		POSITION(120): [0.805211, 0.805211, -0.268404]
		POSITION(121): [0.224426, 0.673277, -0.224426]
		POSITION(122): [0.224426, 0.673277, 0.224426]
		POSITION(123): [0.805211, 0.805211, 0.268404]
		POSITION(124): [0.224426, 0.673277, 0.224426]
		POSITION(125): [0.224426, 0.673277, -0.224426]
		POSITION(126): [-0.224426, 0.673277, -0.224426]
		POSITION(127): [-0.224426, 0.673277, 0.224426]
		POSITION(128): [0.278717, 0.836151, -0.836151]
		POSITION(129): [0.224426, 0.673277, -0.224426]
		POSITION(130): [0.805211, 0.805211, -0.268404]
		POSITION(131): [1.000000, 1.000000, -1.000000]
		POSITION(132): [-0.278717, 0.836151, -0.836151]
		POSITION(133): [-0.224426, 0.673277, -0.224426]
		POSITION(134): [0.224426, 0.673277, -0.224426]
		POSITION(135): [0.278717, 0.836151, -0.836151]
		POSITION(136): [-0.224426, -0.673277, 0.224426]
		POSITION(137): [-0.805211, -0.805211, 0.268404]
		POSITION(138): [-0.805211, -0.805211, -0.268404]
		POSITION(139): [-0.224426, -0.673277, -0.224426]
		POSITION(140): [-0.224426, -0.673277, 0.224426]
		POSITION(141): [-0.224426, -0.673277, -0.224426]
		POSITION(142): [0.224426, -0.673277, -0.224426]
		POSITION(143): [0.224426, -0.673277, 0.224426]
		POSITION(144): [-0.805211, -0.805211, -0.268404]
		POSITION(145): [-1.000000, -1.000000, -1.000000]
		POSITION(146): [-0.278717, -0.836151, -0.836151]
		POSITION(147): [-0.224426, -0.673277, -0.224426]
		POSITION(148): [-0.224426, -0.673277, -0.224426]
		POSITION(149): [-0.278717, -0.836151, -0.836151]
		POSITION(150): [0.278717, -0.836151, -0.836151]
		POSITION(151): [0.224426, -0.673277, -0.224426]
		POSITION(152): [0.222089, -0.222089, 0.666268]
		POSITION(153): [0.796828, -0.265609, 0.796828]
		POSITION(154): [0.796828, 0.265609, 0.796828]
		POSITION(155): [0.222089, 0.222089, 0.666268]
		POSITION(156): [-0.222089, 0.222089, 0.666268]
		POSITION(157): [-0.222089, -0.222089, 0.666268]
		POSITION(158): [0.222089, -0.222089, 0.666268]
		POSITION(159): [0.222089, 0.222089, 0.666268]
		POSITION(160): [0.278717, -0.836151, 0.836151]
		POSITION(161): [1.000000, -1.000000, 1.000000]
		POSITION(162): [0.796828, -0.265609, 0.796828]
		POSITION(163): [0.222089, -0.222089, 0.666268]
		POSITION(164): [-0.222089, -0.222089, 0.666268]
		POSITION(165): [-0.278717, -0.836151, 0.836151]
		POSITION(166): [0.278717, -0.836151, 0.836151]
		POSITION(167): [0.222089, -0.222089, 0.666268]
		POSITION(168): [-0.222089, -0.222089, -0.666268]
		POSITION(169): [-0.796828, -0.265609, -0.796828]
		POSITION(170): [-0.796828, 0.265609, -0.796828]
		POSITION(171): [-0.222089, 0.222089, -0.666268]
		POSITION(172): [0.222089, 0.222089, -0.666268]
		POSITION(173): [0.222089, -0.222089, -0.666268]
		POSITION(174): [-0.222089, -0.222089, -0.666268]
		POSITION(175): [-0.222089, 0.222089, -0.666268]
		POSITION(176): [-0.278717, -0.836151, -0.836151]
		POSITION(177): [-1.000000, -1.000000, -1.000000]
		POSITION(178): [-0.796828, -0.265609, -0.796828]
		POSITION(179): [-0.222089, -0.222089, -0.666268]
		POSITION(180): [0.222089, -0.222089, -0.666268]
		POSITION(181): [0.278717, -0.836151, -0.836151]
		POSITION(182): [-0.278717, -0.836151, -0.836151]
		POSITION(183): [-0.222089, -0.222089, -0.666268]
		POSITION(184): [-0.278717, 0.836151, -0.836151]
		POSITION(185): [-0.222089, 0.222089, -0.666268]
		POSITION(186): [-0.796828, 0.265609, -0.796828]
		POSITION(187): [-1.000000, 1.000000, -1.000000]
		POSITION(188): [0.278717, 0.836151, -0.836151]
		POSITION(189): [0.222089, 0.222089, -0.666268]
		POSITION(190): [-0.222089, 0.222089, -0.666268]
		POSITION(191): [-0.278717, 0.836151, -0.836151]
		POSITION(192): [-0.278717, -0.836151, 0.836151]
		POSITION(193): [-1.000000, -1.000000, 1.000000]
		POSITION(194): [-0.805211, -0.805211, 0.268404]
		POSITION(195): [-0.224426, -0.673277, 0.224426]
		POSITION(196): [0.224426, -0.673277, 0.224426]
		POSITION(197): [0.278717, -0.836151, 0.836151]
		POSITION(198): [-0.278717, -0.836151, 0.836151]
		POSITION(199): [-0.224426, -0.673277, 0.224426]
		POSITION(200): [0.278717, 0.836151, 0.836151]
		POSITION(201): [0.222089, 0.222089, 0.666268]
		POSITION(202): [0.796828, 0.265609, 0.796828]
		POSITION(203): [1.000000, 1.000000, 1.000000]
		POSITION(204): [-0.278717, 0.836151, 0.836151]
		POSITION(205): [-0.222089, 0.222089, 0.666268]
		POSITION(206): [0.222089, 0.222089, 0.666268]
		POSITION(207): [0.278717, 0.836151, 0.836151]
		POSITION(208): [0.805211, 0.805211, 0.268404]
		POSITION(209): [0.224426, 0.673277, 0.224426]
		POSITION(210): [0.278717, 0.836151, 0.836151]
		POSITION(211): [1.000000, 1.000000, 1.000000]
		POSITION(212): [0.278717, 0.836151, 0.836151]
		POSITION(213): [0.224426, 0.673277, 0.224426]
		POSITION(214): [-0.224426, 0.673277, 0.224426]
		POSITION(215): [-0.278717, 0.836151, 0.836151]
